<?xml version="1.0" encoding="UTF-8"?>
<testsuites name="jest tests" tests="3" failures="0" errors="0" time="1.926">
  <testsuite name="Eligibility API E2E Tests" errors="0" failures="0" skipped="0" timestamp="2026-01-02T12:08:47" time="1.74" tests="3">
    <testcase classname="Eligibility API E2E Tests POST /eligibility/check should return allowed for basic request" name="Eligibility API E2E Tests POST /eligibility/check should return allowed for basic request" time="0.081">
    </testcase>
    <testcase classname="Eligibility API E2E Tests POST /eligibility/check should validate request data" name="Eligibility API E2E Tests POST /eligibility/check should validate request data" time="0.005">
    </testcase>
    <testcase classname="Eligibility API E2E Tests Health check should return health status" name="Eligibility API E2E Tests Health check should return health status" time="0.004">
    </testcase>
  </testsuite>
</testsuites>